{
'project:buildbot-0.8.6p1/buildbot/status/mail.py':[
40,
749,
],
'project:docker-compose-1.24.1/tests/unit/cli/docker_client_test.py':[
174,
213,
],
'project:tornado-2.3/tornado/simple_httpclient.py':[
210,
],
'project:tornado-2.3/tornado/test/httpserver_test.py':[
110,
115,
120,
125,
],
'project:twisted-12.1.0/doc/core/examples/echoserv_ssl.py':[
15,
],
'project:twisted-12.1.0/doc/core/howto/tutorial/listings/finger/finger/finger.py':[
324,
],
'project:twisted-12.1.0/doc/core/howto/tutorial/listings/finger/finger22.py':[
315,
],
'project:twisted-12.1.0/doc/mail/examples/smtpclient_tls.py':[
9,
40,
],
'project:twisted-12.1.0/twisted/internet/_sslverify.py':[
600,
],
'project:twisted-12.1.0/twisted/internet/ssl.py':[
54,
106,
],
'project:twisted-12.1.0/twisted/mail/protocols.py':[
222,
],
'project:twisted-12.1.0/twisted/protocols/test/test_tls.py':[
20,
83,
],
'project:twisted-12.1.0/twisted/protocols/tls.py':[
40,
43,
],
'project:twisted-12.1.0/twisted/test/ssl_helpers.py':[
14,
23,
],
'project:twisted-12.1.0/twisted/test/test_sslverify.py':[
264,
285,
],
}
